[Email] ΓÜá  No SMTP credentials configured. Emails will fall back to console logging. { EMAIL_USER: 'MISSING', EMAIL_PASS: 'MISSING' }
[TEST EXCEPTION] TypeError: Cannot read properties of null (reading 'accessToken')
    at registerUserAndGetToken (C:\Users\Aryan Sahu\OneDrive\Desktop\cinema-sync\backend\tests\lock.integration.test.js:30:29)
    at process.processTicksAndRejections (node:internal/process/task_queues:103:5)
    at async TestContext.<anonymous> (C:\Users\Aryan Sahu\OneDrive\Desktop\cinema-sync\backend\tests\lock.integration.test.js:48:19)
    at async Test.run (node:internal/test_runner/test:1110:7)
    at async startSubtestAfterBootstrap (node:internal/test_runner/harness:358:3)
Γ£û Seat lock expiration: expired locks should be treatable as available (184.2868ms)
[TEST EXCEPTION DoubleLock] TypeError: Cannot read properties of null (reading 'accessToken')
    at registerUserAndGetToken (C:\Users\Aryan Sahu\OneDrive\Desktop\cinema-sync\backend\tests\lock.integration.test.js:30:29)
    at process.processTicksAndRejections (node:internal/process/task_queues:103:5)
    at async TestContext.<anonymous> (C:\Users\Aryan Sahu\OneDrive\Desktop\cinema-sync\backend\tests\lock.integration.test.js:94:20)
    at async Test.run (node:internal/test_runner/test:1110:7)
    at async Test.processPendingSubtests (node:internal/test_runner/test:785:7)
Γ£û Double booking prevention: cannot lock already locked seat (96.7958ms)
[TEST EXCEPTION AtomicBooking] TypeError: Cannot read properties of null (reading 'accessToken')
    at registerUserAndGetToken (C:\Users\Aryan Sahu\OneDrive\Desktop\cinema-sync\backend\tests\lock.integration.test.js:30:29)
    at process.processTicksAndRejections (node:internal/process/task_queues:103:5)
    at async TestContext.<anonymous> (C:\Users\Aryan Sahu\OneDrive\Desktop\cinema-sync\backend\tests\lock.integration.test.js:143:20)
    at async Test.run (node:internal/test_runner/test:1110:7)
    at async Test.processPendingSubtests (node:internal/test_runner/test:785:7)
Γ£û Atomic booking: cannot book if seat is already booked by another (86.824ms)
Γä╣ tests 3
Γä╣ suites 0
Γä╣ pass 0
Γä╣ fail 3
Γä╣ cancelled 0
Γä╣ skipped 0
Γä╣ todo 0
Γä╣ duration_ms 1293.6063

Γ£û failing tests:

test at tests\lock.integration.test.js:46:1
Γ£û Seat lock expiration: expired locks should be treatable as available (184.2868ms)
  TypeError: Cannot read properties of null (reading 'accessToken')
      at registerUserAndGetToken (C:\Users\Aryan Sahu\OneDrive\Desktop\cinema-sync\backend\tests\lock.integration.test.js:30:29)
      at process.processTicksAndRejections (node:internal/process/task_queues:103:5)
      at async TestContext.<anonymous> (C:\Users\Aryan Sahu\OneDrive\Desktop\cinema-sync\backend\tests\lock.integration.test.js:48:19)
      at async Test.run (node:internal/test_runner/test:1110:7)
      at async startSubtestAfterBootstrap (node:internal/test_runner/harness:358:3)

test at tests\lock.integration.test.js:92:1
Γ£û Double booking prevention: cannot lock already locked seat (96.7958ms)
  TypeError: Cannot read properties of null (reading 'accessToken')
      at registerUserAndGetToken (C:\Users\Aryan Sahu\OneDrive\Desktop\cinema-sync\backend\tests\lock.integration.test.js:30:29)
      at process.processTicksAndRejections (node:internal/process/task_queues:103:5)
      at async TestContext.<anonymous> (C:\Users\Aryan Sahu\OneDrive\Desktop\cinema-sync\backend\tests\lock.integration.test.js:94:20)
      at async Test.run (node:internal/test_runner/test:1110:7)
      at async Test.processPendingSubtests (node:internal/test_runner/test:785:7)

test at tests\lock.integration.test.js:141:1
Γ£û Atomic booking: cannot book if seat is already booked by another (86.824ms)
  TypeError: Cannot read properties of null (reading 'accessToken')
      at registerUserAndGetToken (C:\Users\Aryan Sahu\OneDrive\Desktop\cinema-sync\backend\tests\lock.integration.test.js:30:29)
      at process.processTicksAndRejections (node:internal/process/task_queues:103:5)
      at async TestContext.<anonymous> (C:\Users\Aryan Sahu\OneDrive\Desktop\cinema-sync\backend\tests\lock.integration.test.js:143:20)
      at async Test.run (node:internal/test_runner/test:1110:7)
      at async Test.processPendingSubtests (node:internal/test_runner/test:785:7)
